[14:15:52] 🚀 Spead AI Directus Seeder v5
[14:15:52] ━━━━━━━━━━━━━━━━━━━━━━━━━━━━━━━━━━━━━━━━━━━━━━━━━━
[14:15:52] 🔐 Authenticating...
[14:15:53] ✅ Authenticated
[14:15:53] 🗑️  Clearing existing data...
[14:15:53]    Cleared posts, authors, categories
[14:15:53] 📁 Setting up Categories...
[14:15:55]    ✓ Categories collection ready
[14:15:55] 📁 Setting up Authors...
[14:15:58]    ✓ Authors collection ready
[14:15:58] 📁 Setting up Posts...
[14:16:01]    ✓ Posts collection ready
[14:16:01] 🌱 Seeding categories...
[14:16:02]    + Press Release
[14:16:02]    + Product Update
[14:16:02]    + Security Alert
[14:16:02]    + Events
[14:16:02]    + Engineering
[14:16:02] 🌱 Seeding authors...
[14:16:02]    + Dr. Sarah Chen
[14:16:02]    + Alex Rivera
[14:16:02]    + Elena Kowalski
[14:16:02]    + Marcus Thompson
[14:16:02]    + Spead AI Editorial
[14:16:02] 🌱 Seeding posts...
[14:16:02]    + Spead AI Raises $85M Series B to Scale Enterprise ...
[14:16:02]    + Model v2.4 Release: 40% Faster Inference with Zero...
[14:16:03]    + Critical Security Patch: Vector Injection Vulnerab...
[14:16:03]    + Spead Summit 2025: Defining the Post-SaaS Era...
[14:16:03]    + New Integration: Salesforce Data Graph for Real-Ti...
[14:16:03]    + Gartner Names Spead AI "Cool Vendor" in Legal Tech...
[14:16:03] ━━━━━━━━━━━━━━━━━━━━━━━━━━━━━━━━━━━━━━━━━━━━━━━━━━
[14:16:03] ✨ Seeding Complete!
[14:16:03]    📊 5 categories
[14:16:03]    👤 5 authors
[14:16:03]    📰 6 posts
